// Jest Snapshot v1, https://goo.gl/fbAQLP

exports[`Characters component renders Characters 1`] = `
<ul>
  <li
    key="5cf5679a915ecad153ab68c8"
  >
    <Character
      _id="5cf5679a915ecad153ab68c8"
      affiliation=" Earth Kingdom Earth Kingdom Royal Family"
      allies={
        Array [
          "Royal Earthbender Guards",
        ]
      }
      enemies={
        Array [
          "Chin",
        ]
      }
      name="46th Earth King"
      photoUrl="https://vignette.wikia.nocookie.net/avatar/images/5/51/46th_Earth_King.png/revision/latest?cb=20130627160441"
    />
  </li>
</ul>
`;
