// Jest Snapshot v1, https://goo.gl/fbAQLP

exports[`Character component renders Character 1`] = `
<Link
  to="/character/5cf5679a915ecad153ab68c8"
>
  <img
    src="https://vignette.wikia.nocookie.net/avatar/images/5/51/46th_Earth_King.png/revision/latest?cb=20130627160441"
  />
  <h1>
    46th Earth King
  </h1>
</Link>
`;
