// Jest Snapshot v1, https://goo.gl/fbAQLP

exports[`CharacterContainer component renders CharacterContainer 1`] = `
<Characters
  items={Array []}
/>
`;
